// Jest Snapshot v1, https://goo.gl/fbAQLP

exports[`Badge: renders correctly 1`] = `
Array [
  <h3>
    Heading 
    <span
        className="badge badge-primary"
    >
        Badge
    </span>
</h3>,
  <span
    className="badge badge-primary"
>
    Badge
</span>,
  " ",
  <span
    className="badge badge-primary"
>
    Badge primary
</span>,
  " ",
  <span
    className="badge badge-secondary"
>
    Badge secondary
</span>,
  " ",
  <span
    className="badge badge-success"
>
    Badge success
</span>,
  " ",
  <span
    className="badge badge-danger"
>
    Badge danger
</span>,
  " ",
  <span
    className="badge badge-warning"
>
    Badge warning
</span>,
  " ",
  <span
    className="badge badge-info"
>
    Badge info
</span>,
  " ",
  <span
    className="badge badge-light"
>
    Badge light
</span>,
  " ",
  <span
    className="badge badge-dark"
>
    Badge dark
</span>,
]
`;

exports[`Button: renders correctly 1`] = `
Array [
  <button
    className="btn btn-secondary"
    onClick={[Function]}
    type="button"
>
    Button
</button>,
  " ",
  <button
    className="btn btn-primary"
    onClick={[Function]}
    title="test title"
    type="button"
>
    Button with title
</button>,
  " ",
  <button
    className="btn btn-primary"
    onClick={[Function]}
    type="button"
>
    Button primary
</button>,
  " ",
  <button
    className="btn btn-secondary"
    onClick={[Function]}
    type="button"
>
    Button secondary
</button>,
  " ",
  <button
    className="btn btn-success"
    onClick={[Function]}
    type="button"
>
    Button success
</button>,
  " ",
  <button
    className="btn btn-danger"
    onClick={[Function]}
    type="button"
>
    Button danger
</button>,
  " ",
  <button
    className="btn btn-warning"
    onClick={[Function]}
    type="button"
>
    Button warning
</button>,
  " ",
  <button
    className="btn btn-info"
    onClick={[Function]}
    type="button"
>
    Button info
</button>,
  " ",
  <button
    className="btn btn-light"
    onClick={[Function]}
    type="button"
>
    Button light
</button>,
  " ",
  <button
    className="btn btn-dark"
    onClick={[Function]}
    type="button"
>
    Button dark
</button>,
  " ",
  " ",
  <button
    className="btn btn-secondary"
    onClick={[Function]}
    type="button"
>
    Button
</button>,
  " ",
  <button
    className="my-class btn btn-link"
    onClick={[Function]}
    title="test title"
    type="button"
>
    Button
</button>,
]
`;

exports[`FormField: renders correctly 1`] = `
Array [
  <h2>
    controlled
</h2>,
  <div
    className="row"
>
    <div
        className="col"
    >
        <fieldset
            className="form-group"
        >
            <label
                className=""
                htmlFor={undefined}
            >
                type=text
                 
            </label>
            <div
                className=""
            >
                <input
                    aria-describedby={null}
                    autoComplete="off"
                    className="form-control form-control"
                    id={undefined}
                    name="a"
                    onChange={[Function]}
                    placeholder={undefined}
                    type="text"
                    value="some text"
                />
                 
            </div>
        </fieldset>
        <fieldset
            className="form-group"
        >
            <label
                className=""
                htmlFor={undefined}
            >
                type=text-static
                 
            </label>
            <div
                className=""
            >
                <span
                    className="form-control-plaintext"
                    id={undefined}
                >
                    some static text
                </span>
                 
            </div>
        </fieldset>
        <fieldset
            className="form-group"
        >
            <label
                className=""
                htmlFor={undefined}
            >
                type=textarea
                 
            </label>
            <div
                className=""
            >
                <textarea
                    aria-describedby={null}
                    autoComplete="off"
                    className="form-control"
                    id={undefined}
                    name="c"
                    onChange={[Function]}
                    placeholder={undefined}
                    rows={3}
                    type={null}
                    value="some text"
                />
                 
            </div>
        </fieldset>
    </div>
    <div
        className="col"
    >
        <fieldset
            className="form-group"
        >
            <label
                className=""
                htmlFor={undefined}
            >
                type=number
                 
            </label>
            <div
                className=""
            >
                <input
                    aria-describedby={null}
                    autoComplete="off"
                    className="form-control"
                    id={undefined}
                    name="d"
                    onChange={[Function]}
                    placeholder={undefined}
                    type="number"
                    value="23.42"
                />
                 
            </div>
        </fieldset>
        <fieldset
            className="form-group"
        >
            <label
                className=""
                htmlFor={undefined}
            >
                type=number-integer
                 
            </label>
            <div
                className=""
            >
                <input
                    aria-describedby={null}
                    autoComplete="off"
                    className="form-control"
                    id={undefined}
                    min={0}
                    name="e"
                    onChange={[Function]}
                    placeholder={undefined}
                    step={1}
                    type="number"
                    value="42"
                />
                 
            </div>
        </fieldset>
        <fieldset
            className="form-group"
        >
            <label
                className=""
                htmlFor={undefined}
            >
                type=checkbox
                 
            </label>
            <div
                className=""
            >
                <div
                    className="custom-control custom-checkbox"
                >
                    <input
                        aria-describedby={null}
                        autoComplete="off"
                        checked={undefined}
                        className="custom-control-input"
                        id="example_formfield_f"
                        name="f"
                        onChange={[Function]}
                        placeholder={undefined}
                        type="checkbox"
                        value=""
                    />
                    <label
                        className="custom-control-label"
                        htmlFor="example_formfield_f"
                    />
                </div>
                 
            </div>
        </fieldset>
        <fieldset
            className="form-group"
        >
            <label
                className=""
                htmlFor={undefined}
            >
                type=checkbox
                 
            </label>
            <div
                className=""
            >
                <div
                    className="custom-control custom-checkbox"
                >
                    <input
                        aria-describedby={null}
                        autoComplete="off"
                        checked={undefined}
                        className="custom-control-input"
                        id="example_formfield_g"
                        name="g"
                        onChange={[Function]}
                        placeholder={undefined}
                        type="checkbox"
                        value=""
                    />
                    <label
                        className="custom-control-label"
                        htmlFor="example_formfield_g"
                    />
                </div>
                 
            </div>
        </fieldset>
    </div>
    <div
        className="col"
    >
        <pre>
            {
              "a": "some text",
              "b": "some static text",
              "c": "some text",
              "d": "23.42",
              "e": "42",
              "f": true
            }
        </pre>
    </div>
</div>,
]
`;

exports[`InputDate: renders correctly 1`] = `
Array [
  "no value",
  <br />,
  <div
    className="DayPickerInput"
>
    <input
        className="form-control"
        name={undefined}
        onBlur={[Function]}
        onChange={[Function]}
        onClick={[Function]}
        onFocus={[Function]}
        onKeyDown={[Function]}
        onKeyUp={[Function]}
        placeholder=""
        readOnly={undefined}
        required={undefined}
        value=""
    />
</div>,
  <hr />,
  "with value ",
  <code>
    1985-10-26T08:15:00.000Z
</code>,
  <br />,
  <div
    className="DayPickerInput"
>
    <input
        className="form-control"
        name={undefined}
        onBlur={[Function]}
        onChange={[Function]}
        onClick={[Function]}
        onFocus={[Function]}
        onKeyDown={[Function]}
        onKeyUp={[Function]}
        placeholder=""
        readOnly={undefined}
        required={undefined}
        value="10/26/1985"
    />
</div>,
]
`;
