// Jest Snapshot v1, https://goo.gl/fbAQLP

exports[`MultiSelect: renders correctly 1`] = `
<div>
  <select
    className="form-control"
    disabled={undefined}
    id="example-multiple-optgroups"
    multiple={true}
    onChange={[Function]}
    value={
      Array [
        undefined,
      ]
    }
  >
    <optgroup
      label="Group 1"
    >
      <option
        value="1-1"
      >
        Option 1.1
      </option>
      <option
        selected={true}
        value="1-2"
      >
        Option 1.2
      </option>
      <option
        selected={true}
        value="1-3"
      >
        Option 1.3
      </option>
    </optgroup>
    <optgroup
      label="Group 2"
    >
      <option
        value="2-1"
      >
        Option 2.1
      </option>
      <option
        value="2-2"
      >
        Option 2.2
      </option>
      <option
        value="2-3"
      >
        Option 2.3
      </option>
    </optgroup>
  </select>
</div>
`;
