// Jest Snapshot v1, https://goo.gl/fbAQLP

exports[`all icons: renders correctly 1`] = `
Array [
  <h4>
    <pre>
        &lt;Icon.CaretUp /&gt;
    </pre>
</h4>,
  <svg
    aria-hidden="true"
    className="svg-inline--fa fa-caret-up fa-w-10 fa-fw fa-3x "
    data-icon="caret-up"
    data-prefix="fas"
    role="img"
    style={Object {}}
    viewBox="0 0 320 512"
    xmlns="http://www.w3.org/2000/svg"
>
    <path
        d="M288.662 352H31.338c-17.818 0-26.741-21.543-14.142-34.142l128.662-128.662c7.81-7.81 20.474-7.81 28.284 0l128.662 128.662c12.6 12.599 3.676 34.142-14.142 34.142z"
        fill="currentColor"
        style={Object {}}
    />
</svg>,
  <hr />,
  <h4>
    <pre>
        &lt;Icon.CaretDown /&gt;
    </pre>
</h4>,
  <svg
    aria-hidden="true"
    className="svg-inline--fa fa-caret-down fa-w-10 fa-fw fa-3x "
    data-icon="caret-down"
    data-prefix="fas"
    role="img"
    style={Object {}}
    viewBox="0 0 320 512"
    xmlns="http://www.w3.org/2000/svg"
>
    <path
        d="M31.3 192h257.3c17.8 0 26.7 21.5 14.1 34.1L174.1 354.8c-7.8 7.8-20.5 7.8-28.3 0L17.2 226.1C4.6 213.5 13.5 192 31.3 192z"
        fill="currentColor"
        style={Object {}}
    />
</svg>,
  <hr />,
  <h4>
    <pre>
        &lt;Icon.CaretLeft /&gt;
    </pre>
</h4>,
  <svg
    aria-hidden="true"
    className="svg-inline--fa fa-caret-left fa-w-6 fa-fw fa-3x "
    data-icon="caret-left"
    data-prefix="fas"
    role="img"
    style={Object {}}
    viewBox="0 0 192 512"
    xmlns="http://www.w3.org/2000/svg"
>
    <path
        d="M192 127.338v257.324c0 17.818-21.543 26.741-34.142 14.142L29.196 270.142c-7.81-7.81-7.81-20.474 0-28.284l128.662-128.662c12.599-12.6 34.142-3.676 34.142 14.142z"
        fill="currentColor"
        style={Object {}}
    />
</svg>,
  <hr />,
  <h4>
    <pre>
        &lt;Icon.CaretRight /&gt;
    </pre>
</h4>,
  <svg
    aria-hidden="true"
    className="svg-inline--fa fa-caret-right fa-w-6 fa-fw fa-3x "
    data-icon="caret-right"
    data-prefix="fas"
    role="img"
    style={Object {}}
    viewBox="0 0 192 512"
    xmlns="http://www.w3.org/2000/svg"
>
    <path
        d="M0 384.662V127.338c0-17.818 21.543-26.741 34.142-14.142l128.662 128.662c7.81 7.81 7.81 20.474 0 28.284L34.142 398.804C21.543 411.404 0 402.48 0 384.662z"
        fill="currentColor"
        style={Object {}}
    />
</svg>,
  <hr />,
  <h4>
    <pre>
        &lt;Icon.Checkmark /&gt;
    </pre>
</h4>,
  <svg
    aria-hidden="true"
    className="svg-inline--fa fa-check fa-w-16 fa-3x "
    data-icon="check"
    data-prefix="fas"
    role="img"
    style={Object {}}
    viewBox="0 0 512 512"
    xmlns="http://www.w3.org/2000/svg"
>
    <path
        d="M173.898 439.404l-166.4-166.4c-9.997-9.997-9.997-26.206 0-36.204l36.203-36.204c9.997-9.998 26.207-9.998 36.204 0L192 312.69 432.095 72.596c9.997-9.997 26.207-9.997 36.204 0l36.203 36.204c9.997 9.997 9.997 26.206 0 36.204l-294.4 294.401c-9.998 9.997-26.207 9.997-36.204-.001z"
        fill="currentColor"
        style={Object {}}
    />
</svg>,
  <hr />,
  <h4>
    <pre>
        &lt;Icon.Cross /&gt;
    </pre>
</h4>,
  <svg
    aria-hidden="true"
    className="svg-inline--fa fa-times fa-w-11 fa-3x "
    data-icon="times"
    data-prefix="fas"
    role="img"
    style={Object {}}
    viewBox="0 0 352 512"
    xmlns="http://www.w3.org/2000/svg"
>
    <path
        d="M242.72 256l100.07-100.07c12.28-12.28 12.28-32.19 0-44.48l-22.24-22.24c-12.28-12.28-32.19-12.28-44.48 0L176 189.28 75.93 89.21c-12.28-12.28-32.19-12.28-44.48 0L9.21 111.45c-12.28 12.28-12.28 32.19 0 44.48L109.28 256 9.21 356.07c-12.28 12.28-12.28 32.19 0 44.48l22.24 22.24c12.28 12.28 32.2 12.28 44.48 0L176 322.72l100.07 100.07c12.28 12.28 32.2 12.28 44.48 0l22.24-22.24c12.28-12.28 12.28-32.19 0-44.48L242.72 256z"
        fill="currentColor"
        style={Object {}}
    />
</svg>,
  <hr />,
  <h4>
    <pre>
        &lt;Icon.Exchange /&gt;
    </pre>
</h4>,
  <svg
    aria-hidden="true"
    className="svg-inline--fa fa-exchange-alt fa-w-16 fa-3x "
    data-icon="exchange-alt"
    data-prefix="fas"
    role="img"
    style={Object {}}
    viewBox="0 0 512 512"
    xmlns="http://www.w3.org/2000/svg"
>
    <path
        d="M0 168v-16c0-13.255 10.745-24 24-24h360V80c0-21.367 25.899-32.042 40.971-16.971l80 80c9.372 9.373 9.372 24.569 0 33.941l-80 80C409.956 271.982 384 261.456 384 240v-48H24c-13.255 0-24-10.745-24-24zm488 152H128v-48c0-21.314-25.862-32.08-40.971-16.971l-80 80c-9.372 9.373-9.372 24.569 0 33.941l80 80C102.057 463.997 128 453.437 128 432v-48h360c13.255 0 24-10.745 24-24v-16c0-13.255-10.745-24-24-24z"
        fill="currentColor"
        style={Object {}}
    />
</svg>,
  <hr />,
  <h4>
    <pre>
        &lt;Icon.RequestingPhase /&gt;
    </pre>
</h4>,
  <svg
    aria-hidden="true"
    className="svg-inline--fa fa-calendar-plus fa-w-14 fa-3x "
    data-icon="calendar-plus"
    data-prefix="fas"
    role="img"
    style={
        Object {
            "transformOrigin": "0.4375em 0.4375em",
          }
    }
    viewBox="0 0 448 512"
    xmlns="http://www.w3.org/2000/svg"
>
    <g
        style={Object {}}
        transform="translate(224 256)"
    >
        <g
            style={Object {}}
            transform="translate(0, -32)  scale(1, 1)  rotate(0 0 0)"
        >
            <path
                d="M436 160H12c-6.6 0-12-5.4-12-12v-36c0-26.5 21.5-48 48-48h48V12c0-6.6 5.4-12 12-12h40c6.6 0 12 5.4 12 12v52h128V12c0-6.6 5.4-12 12-12h40c6.6 0 12 5.4 12 12v52h48c26.5 0 48 21.5 48 48v36c0 6.6-5.4 12-12 12zM12 192h424c6.6 0 12 5.4 12 12v260c0 26.5-21.5 48-48 48H48c-26.5 0-48-21.5-48-48V204c0-6.6 5.4-12 12-12zm316 140c0-6.6-5.4-12-12-12h-60v-60c0-6.6-5.4-12-12-12h-40c-6.6 0-12 5.4-12 12v60h-60c-6.6 0-12 5.4-12 12v40c0 6.6 5.4 12 12 12h60v60c0 6.6 5.4 12 12 12h40c6.6 0 12-5.4 12-12v-60h60c6.6 0 12-5.4 12-12v-40z"
                fill="currentColor"
                style={Object {}}
                transform="translate(-224 -256)"
            />
        </g>
    </g>
</svg>,
  <hr />,
  <h4>
    <pre>
        &lt;Icon.InspectionPhase /&gt;
    </pre>
</h4>,
  <svg
    aria-hidden="true"
    className="svg-inline--fa fa-calendar-check fa-w-14 fa-3x "
    data-icon="calendar-check"
    data-prefix="fas"
    role="img"
    style={
        Object {
            "transformOrigin": "0.4375em 0.4375em",
          }
    }
    viewBox="0 0 448 512"
    xmlns="http://www.w3.org/2000/svg"
>
    <g
        style={Object {}}
        transform="translate(224 256)"
    >
        <g
            style={Object {}}
            transform="translate(0, -32)  scale(1, 1)  rotate(0 0 0)"
        >
            <path
                d="M436 160H12c-6.627 0-12-5.373-12-12v-36c0-26.51 21.49-48 48-48h48V12c0-6.627 5.373-12 12-12h40c6.627 0 12 5.373 12 12v52h128V12c0-6.627 5.373-12 12-12h40c6.627 0 12 5.373 12 12v52h48c26.51 0 48 21.49 48 48v36c0 6.627-5.373 12-12 12zM12 192h424c6.627 0 12 5.373 12 12v260c0 26.51-21.49 48-48 48H48c-26.51 0-48-21.49-48-48V204c0-6.627 5.373-12 12-12zm333.296 95.947l-28.169-28.398c-4.667-4.705-12.265-4.736-16.97-.068L194.12 364.665l-45.98-46.352c-4.667-4.705-12.266-4.736-16.971-.068l-28.397 28.17c-4.705 4.667-4.736 12.265-.068 16.97l82.601 83.269c4.667 4.705 12.265 4.736 16.97.068l142.953-141.805c4.705-4.667 4.736-12.265.068-16.97z"
                fill="currentColor"
                style={Object {}}
                transform="translate(-224 -256)"
            />
        </g>
    </g>
</svg>,
  <hr />,
  <h4>
    <pre>
        &lt;Icon.BudgetPeriod /&gt;
    </pre>
</h4>,
  <svg
    aria-hidden="true"
    className="svg-inline--fa fa-calendar fa-w-14 fa-3x "
    data-icon="calendar"
    data-prefix="fas"
    role="img"
    style={
        Object {
            "transformOrigin": "0.4375em 0.4375em",
          }
    }
    viewBox="0 0 448 512"
    xmlns="http://www.w3.org/2000/svg"
>
    <g
        style={Object {}}
        transform="translate(224 256)"
    >
        <g
            style={Object {}}
            transform="translate(0, -32)  scale(1, 1)  rotate(0 0 0)"
        >
            <path
                d="M12 192h424c6.6 0 12 5.4 12 12v260c0 26.5-21.5 48-48 48H48c-26.5 0-48-21.5-48-48V204c0-6.6 5.4-12 12-12zm436-44v-36c0-26.5-21.5-48-48-48h-48V12c0-6.6-5.4-12-12-12h-40c-6.6 0-12 5.4-12 12v52H160V12c0-6.6-5.4-12-12-12h-40c-6.6 0-12 5.4-12 12v52H48C21.5 64 0 85.5 0 112v36c0 6.6 5.4 12 12 12h424c6.6 0 12-5.4 12-12z"
                fill="currentColor"
                style={Object {}}
                transform="translate(-224 -256)"
            />
        </g>
    </g>
</svg>,
  <hr />,
  <h4>
    <pre>
        &lt;Icon.Calendar /&gt;
    </pre>
</h4>,
  <svg
    aria-hidden="true"
    className="svg-inline--fa fa-calendar-alt fa-w-14 fa-3x "
    data-icon="calendar-alt"
    data-prefix="fas"
    role="img"
    style={Object {}}
    viewBox="0 0 448 512"
    xmlns="http://www.w3.org/2000/svg"
>
    <path
        d="M436 160H12c-6.6 0-12-5.4-12-12v-36c0-26.5 21.5-48 48-48h48V12c0-6.6 5.4-12 12-12h40c6.6 0 12 5.4 12 12v52h128V12c0-6.6 5.4-12 12-12h40c6.6 0 12 5.4 12 12v52h48c26.5 0 48 21.5 48 48v36c0 6.6-5.4 12-12 12zM12 192h424c6.6 0 12 5.4 12 12v260c0 26.5-21.5 48-48 48H48c-26.5 0-48-21.5-48-48V204c0-6.6 5.4-12 12-12zm116 204c0-6.6-5.4-12-12-12H76c-6.6 0-12 5.4-12 12v40c0 6.6 5.4 12 12 12h40c6.6 0 12-5.4 12-12v-40zm0-128c0-6.6-5.4-12-12-12H76c-6.6 0-12 5.4-12 12v40c0 6.6 5.4 12 12 12h40c6.6 0 12-5.4 12-12v-40zm128 128c0-6.6-5.4-12-12-12h-40c-6.6 0-12 5.4-12 12v40c0 6.6 5.4 12 12 12h40c6.6 0 12-5.4 12-12v-40zm0-128c0-6.6-5.4-12-12-12h-40c-6.6 0-12 5.4-12 12v40c0 6.6 5.4 12 12 12h40c6.6 0 12-5.4 12-12v-40zm128 128c0-6.6-5.4-12-12-12h-40c-6.6 0-12 5.4-12 12v40c0 6.6 5.4 12 12 12h40c6.6 0 12-5.4 12-12v-40zm0-128c0-6.6-5.4-12-12-12h-40c-6.6 0-12 5.4-12 12v40c0 6.6 5.4 12 12 12h40c6.6 0 12-5.4 12-12v-40z"
        fill="currentColor"
        style={Object {}}
    />
</svg>,
  <hr />,
  <h4>
    <pre>
        &lt;Icon.Trash /&gt;
    </pre>
</h4>,
  <svg
    aria-hidden="true"
    className="svg-inline--fa fa-trash-alt fa-w-14 fa-3x "
    data-icon="trash-alt"
    data-prefix="fas"
    role="img"
    style={Object {}}
    viewBox="0 0 448 512"
    xmlns="http://www.w3.org/2000/svg"
>
    <path
        d="M0 84V56c0-13.3 10.7-24 24-24h112l9.4-18.7c4-8.2 12.3-13.3 21.4-13.3h114.3c9.1 0 17.4 5.1 21.5 13.3L312 32h112c13.3 0 24 10.7 24 24v28c0 6.6-5.4 12-12 12H12C5.4 96 0 90.6 0 84zm416 56v324c0 26.5-21.5 48-48 48H80c-26.5 0-48-21.5-48-48V140c0-6.6 5.4-12 12-12h360c6.6 0 12 5.4 12 12zm-272 68c0-8.8-7.2-16-16-16s-16 7.2-16 16v224c0 8.8 7.2 16 16 16s16-7.2 16-16V208zm96 0c0-8.8-7.2-16-16-16s-16 7.2-16 16v224c0 8.8 7.2 16 16 16s16-7.2 16-16V208zm96 0c0-8.8-7.2-16-16-16s-16 7.2-16 16v224c0 8.8 7.2 16 16 16s16-7.2 16-16V208z"
        fill="currentColor"
        style={Object {}}
    />
</svg>,
  <hr />,
  <h4>
    <pre>
        &lt;Icon.ProcurementLogo /&gt;
    </pre>
</h4>,
  <svg
    aria-hidden="true"
    className="svg-inline--fa fa-chart-pie fa-w-18 fa-3x "
    data-icon="chart-pie"
    data-prefix="fas"
    role="img"
    style={Object {}}
    viewBox="0 0 576 512"
    xmlns="http://www.w3.org/2000/svg"
>
    <path
        d="M288 12.3V240h227.7c6.9 0 12.3-5.8 12-12.7-6.4-122.4-104.5-220.6-227-227-6.9-.3-12.7 5.1-12.7 12zM552.7 288c6.9 0 12.3 5.8 12 12.7-2.8 53.2-23.2 105.6-61.2 147.8-4.6 5.1-12.6 5.4-17.5.5L325 288h227.7zM401 433c4.8 4.8 4.7 12.8-.4 17.3-42.6 38.4-99 61.7-160.8 61.7C107.6 511.9-.2 403.8 0 271.5.2 143.4 100.8 38.9 227.3 32.3c6.9-.4 12.7 5.1 12.7 12V272l161 161z"
        fill="currentColor"
        style={Object {}}
    />
</svg>,
  <hr />,
  <h4>
    <pre>
        &lt;Icon.Paperclip /&gt;
    </pre>
</h4>,
  <svg
    aria-hidden="true"
    className="svg-inline--fa fa-paperclip fa-w-14 fa-3x "
    data-icon="paperclip"
    data-prefix="fas"
    role="img"
    style={Object {}}
    viewBox="0 0 448 512"
    xmlns="http://www.w3.org/2000/svg"
>
    <path
        d="M43.246 466.142c-58.43-60.289-57.341-157.511 1.386-217.581L254.392 34c44.316-45.332 116.351-45.336 160.671 0 43.89 44.894 43.943 117.329 0 162.276L232.214 383.128c-29.855 30.537-78.633 30.111-107.982-.998-28.275-29.97-27.368-77.473 1.452-106.953l143.743-146.835c6.182-6.314 16.312-6.422 22.626-.241l22.861 22.379c6.315 6.182 6.422 16.312.241 22.626L171.427 319.927c-4.932 5.045-5.236 13.428-.648 18.292 4.372 4.634 11.245 4.711 15.688.165l182.849-186.851c19.613-20.062 19.613-52.725-.011-72.798-19.189-19.627-49.957-19.637-69.154 0L90.39 293.295c-34.763 35.56-35.299 93.12-1.191 128.313 34.01 35.093 88.985 35.137 123.058.286l172.06-175.999c6.177-6.319 16.307-6.433 22.626-.256l22.877 22.364c6.319 6.177 6.434 16.307.256 22.626l-172.06 175.998c-59.576 60.938-155.943 60.216-214.77-.485z"
        fill="currentColor"
        style={Object {}}
    />
</svg>,
  <hr />,
  <h4>
    <pre>
        &lt;Icon.RadioCheckedOn /&gt;
    </pre>
</h4>,
  <svg
    aria-hidden="true"
    className="svg-inline--fa fa-check-circle fa-w-16 fa-3x "
    data-icon="check-circle"
    data-prefix="fas"
    role="img"
    style={Object {}}
    viewBox="0 0 512 512"
    xmlns="http://www.w3.org/2000/svg"
>
    <path
        d="M504 256c0 136.967-111.033 248-248 248S8 392.967 8 256 119.033 8 256 8s248 111.033 248 248zM227.314 387.314l184-184c6.248-6.248 6.248-16.379 0-22.627l-22.627-22.627c-6.248-6.249-16.379-6.249-22.628 0L216 308.118l-70.059-70.059c-6.248-6.248-16.379-6.248-22.628 0l-22.627 22.627c-6.248 6.248-6.248 16.379 0 22.627l104 104c6.249 6.249 16.379 6.249 22.628.001z"
        fill="currentColor"
        style={Object {}}
    />
</svg>,
  <hr />,
  <h4>
    <pre>
        &lt;Icon.RadioCheckedOff /&gt;
    </pre>
</h4>,
  <svg
    aria-hidden="true"
    className="svg-inline--fa fa-circle fa-w-16 fa-3x "
    data-icon="circle"
    data-prefix="fas"
    role="img"
    style={Object {}}
    viewBox="0 0 512 512"
    xmlns="http://www.w3.org/2000/svg"
>
    <path
        d="M256 8C119 8 8 119 8 256s111 248 248 248 248-111 248-248S393 8 256 8z"
        fill="currentColor"
        style={Object {}}
    />
</svg>,
  <hr />,
  <h4>
    <pre>
        &lt;Icon.Spinner /&gt;
    </pre>
</h4>,
  <svg
    aria-hidden="true"
    className="svg-inline--fa fa-circle-notch fa-w-16 fa-3x fa-spin"
    data-icon="circle-notch"
    data-prefix="fas"
    role="img"
    style={Object {}}
    viewBox="0 0 512 512"
    xmlns="http://www.w3.org/2000/svg"
>
    <path
        d="M288 39.056v16.659c0 10.804 7.281 20.159 17.686 23.066C383.204 100.434 440 171.518 440 256c0 101.689-82.295 184-184 184-101.689 0-184-82.295-184-184 0-84.47 56.786-155.564 134.312-177.219C216.719 75.874 224 66.517 224 55.712V39.064c0-15.709-14.834-27.153-30.046-23.234C86.603 43.482 7.394 141.206 8.003 257.332c.72 137.052 111.477 246.956 248.531 246.667C393.255 503.711 504 392.788 504 256c0-115.633-79.14-212.779-186.211-240.236C302.678 11.889 288 23.456 288 39.056z"
        fill="currentColor"
        style={Object {}}
    />
</svg>,
  <hr />,
  <h4>
    <pre>
        &lt;Icon.PriceTag /&gt;
    </pre>
</h4>,
  <svg
    aria-hidden="true"
    className="svg-inline--fa fa-tag fa-w-16 fa-flip-horizontal fa-3x "
    data-icon="tag"
    data-prefix="fas"
    role="img"
    style={Object {}}
    viewBox="0 0 512 512"
    xmlns="http://www.w3.org/2000/svg"
>
    <path
        d="M0 252.118V48C0 21.49 21.49 0 48 0h204.118a48 48 0 0 1 33.941 14.059l211.882 211.882c18.745 18.745 18.745 49.137 0 67.882L293.823 497.941c-18.745 18.745-49.137 18.745-67.882 0L14.059 286.059A48 48 0 0 1 0 252.118zM112 64c-26.51 0-48 21.49-48 48s21.49 48 48 48 48-21.49 48-48-21.49-48-48-48z"
        fill="currentColor"
        style={Object {}}
    />
</svg>,
  <hr />,
  <h4>
    <pre>
        &lt;Icon.QuestionMark /&gt;
    </pre>
</h4>,
  <svg
    aria-hidden="true"
    className="svg-inline--fa fa-question fa-w-12 fa-3x "
    data-icon="question"
    data-prefix="fas"
    role="img"
    style={Object {}}
    viewBox="0 0 384 512"
    xmlns="http://www.w3.org/2000/svg"
>
    <path
        d="M202.021 0C122.202 0 70.503 32.703 29.914 91.026c-7.363 10.58-5.093 25.086 5.178 32.874l43.138 32.709c10.373 7.865 25.132 6.026 33.253-4.148 25.049-31.381 43.63-49.449 82.757-49.449 30.764 0 68.816 19.799 68.816 49.631 0 22.552-18.617 34.134-48.993 51.164-35.423 19.86-82.299 44.576-82.299 106.405V320c0 13.255 10.745 24 24 24h72.471c13.255 0 24-10.745 24-24v-5.773c0-42.86 125.268-44.645 125.268-160.627C377.504 66.256 286.902 0 202.021 0zM192 373.459c-38.196 0-69.271 31.075-69.271 69.271 0 38.195 31.075 69.27 69.271 69.27s69.271-31.075 69.271-69.271-31.075-69.27-69.271-69.27z"
        fill="currentColor"
        style={Object {}}
    />
</svg>,
  <hr />,
  <h4>
    <pre>
        &lt;Icon.ShoppingCart /&gt;
    </pre>
</h4>,
  <svg
    aria-hidden="true"
    className="svg-inline--fa fa-shopping-cart fa-w-18 fa-3x "
    data-icon="shopping-cart"
    data-prefix="fas"
    role="img"
    style={Object {}}
    viewBox="0 0 576 512"
    xmlns="http://www.w3.org/2000/svg"
>
    <path
        d="M528.12 301.319l47.273-208C578.806 78.301 567.391 64 551.99 64H159.208l-9.166-44.81C147.758 8.021 137.93 0 126.529 0H24C10.745 0 0 10.745 0 24v16c0 13.255 10.745 24 24 24h69.883l70.248 343.435C147.325 417.1 136 435.222 136 456c0 30.928 25.072 56 56 56s56-25.072 56-56c0-15.674-6.447-29.835-16.824-40h209.647C430.447 426.165 424 440.326 424 456c0 30.928 25.072 56 56 56s56-25.072 56-56c0-22.172-12.888-41.332-31.579-50.405l5.517-24.276c3.413-15.018-8.002-29.319-23.403-29.319H218.117l-6.545-32h293.145c11.206 0 20.92-7.754 23.403-18.681z"
        fill="currentColor"
        style={Object {}}
    />
</svg>,
  <hr />,
  <h4>
    <pre>
        &lt;Icon.User /&gt;
    </pre>
</h4>,
  <svg
    aria-hidden="true"
    className="svg-inline--fa fa-user-circle fa-w-16 fa-3x "
    data-icon="user-circle"
    data-prefix="fas"
    role="img"
    style={Object {}}
    viewBox="0 0 496 512"
    xmlns="http://www.w3.org/2000/svg"
>
    <path
        d="M248 8C111 8 0 119 0 256s111 248 248 248 248-111 248-248S385 8 248 8zm0 96c48.6 0 88 39.4 88 88s-39.4 88-88 88-88-39.4-88-88 39.4-88 88-88zm0 344c-58.7 0-111.3-26.6-146.5-68.2 18.8-35.4 55.6-59.8 98.5-59.8 2.4 0 4.8.4 7.1 1.1 13 4.2 26.6 6.9 40.9 6.9 14.3 0 28-2.7 40.9-6.9 2.3-.7 4.7-1.1 7.1-1.1 42.9 0 79.7 24.4 98.5 59.8C359.3 421.4 306.7 448 248 448z"
        fill="currentColor"
        style={Object {}}
    />
</svg>,
  <hr />,
  <h4>
    <pre>
        &lt;Icon.Reload /&gt;
    </pre>
</h4>,
  <svg
    aria-hidden="true"
    className="svg-inline--fa fa-sync-alt fa-w-16 fa-3x "
    data-icon="sync-alt"
    data-prefix="fas"
    role="img"
    style={Object {}}
    viewBox="0 0 512 512"
    xmlns="http://www.w3.org/2000/svg"
>
    <path
        d="M370.72 133.28C339.458 104.008 298.888 87.962 255.848 88c-77.458.068-144.328 53.178-162.791 126.85-1.344 5.363-6.122 9.15-11.651 9.15H24.103c-7.498 0-13.194-6.807-11.807-14.176C33.933 94.924 134.813 8 256 8c66.448 0 126.791 26.136 171.315 68.685L463.03 40.97C478.149 25.851 504 36.559 504 57.941V192c0 13.255-10.745 24-24 24H345.941c-21.382 0-32.09-25.851-16.971-40.971l41.75-41.749zM32 296h134.059c21.382 0 32.09 25.851 16.971 40.971l-41.75 41.75c31.262 29.273 71.835 45.319 114.876 45.28 77.418-.07 144.315-53.144 162.787-126.849 1.344-5.363 6.122-9.15 11.651-9.15h57.304c7.498 0 13.194 6.807 11.807 14.176C478.067 417.076 377.187 504 256 504c-66.448 0-126.791-26.136-171.315-68.685L48.97 471.03C33.851 486.149 8 475.441 8 454.059V320c0-13.255 10.745-24 24-24z"
        fill="currentColor"
        style={Object {}}
    />
</svg>,
  <hr />,
]
`;
